calculation took 804 milliseconds
